// Jest Snapshot v1, https://goo.gl/fbAQLP

exports[`LeftRightTemplate should render content as provided 1`] = `
<div>
  <div
    class="left-right-template"
  >
    <header>
      <div>
        header
      </div>
    </header>
    <section>
      <div>
        sidebar
      </div>
    </section>
    <main>
      <div>
        main
      </div>
    </main>
  </div>
</div>
`;
